DROP ROLE IF EXISTS regress_super_user;
DROP ROLE IF EXISTS regress_normal_user;
